<?xml version="1.0" encoding="utf-8"?>
<manifest xmlns:android="http://schemas.android.com/apk/res/android" package="com.blackmarble.tuserv" android:versionCode="34" android:versionName="1.2" android:installLocation="internalOnly">
	<uses-sdk android:minSdkVersion="23" />
	<uses-permission android:name="android.permission.WRITE_EXTERNAL_STORAGE" />
	<uses-permission android:name="android.permission.READ_EXTERNAL_STORAGE" />
	<uses-permission android:name="android.permission.INTERNET" />
	<uses-permission android:name="android.permission.FLASHLIGHT" />
	<uses-permission android:name="android.permission.CAMERA" />
	<uses-permission android:name="android.permission.ACCESS_FINE_LOCATION" />
	<uses-permission android:name="android.permission.ACCESS_MOCK_LOCATION" />
	<uses-permission android:name="android.permission.ACCESS_COARSE_LOCATION" />
	<uses-permission android:name="android.permission.ACCESS_WIFI_STATE" />
	<uses-permission android:name="android.permission.ACCESS_NETWORK_STATE" />
	<uses-permission android:name="android.permission.DELETE_CACHE_FILES" />
	<uses-permission android:name="android.permission.DEVICE_POWER" />
	<uses-permission android:name="android.permission.READ_PHONE_STATE" />
	<uses-permission android:name="android.permission.RECORD_AUDIO" />
	<uses-permission android:name="android.permission.SYSTEM_ALERT_WINDOW" />
	<uses-permission android:name="com.google.android.providers.gsf.permission.READ_GSERVICES" />
	<uses-permission android:name="android.permission.WAKE_LOCK" />
	<application android:label="tuServ" android:name="MainApplication" android:icon="@drawable/Logo" android:theme="@style/MyTheme">
		<meta-data android:name="com.google.android.maps.v2.API_KEY" android:value="AIzaSyCHRGIQSAKLIjI8kjGrR0cxb6_C5RRaiV8" />
		<activity android:name=".MainAppActivity" android:windowSoftInputMode="stateHidden|adjustPan"></activity>
		<provider android:name="android.support.v4.content.FileProvider" android:authorities="com.blackmarble.tuserv" android:exported="false" android:grantUriPermissions="true">
			<meta-data android:name="android.support.FILE_PROVIDER_PATHS" android:resource="@xml/filepaths" />
		</provider>
	</application>
</manifest>