{
"name": "myapp",
"license": "MIT",
"version": "1.2.3"
}