{
"name": "myapp",
"version": "1.2.3",
"license": "MIT"
}