<Project Sdk="Microsoft.NET.Sdk">

<PropertyGroup><Version>9.9.9.9</Version></PropertyGroup></Project>
