<Project Sdk="Microsoft.NET.Sdk.Web">

  <PropertyGroup>
    <AssemblyName>Synergies.WebApi</AssemblyName>
    <RootNamespace>Synergies.WebApi</RootNamespace>
    <UserSecretsId>8da5b9d2-286a-46be-abd3-f350ec248191</UserSecretsId>
    <LangVersion>latest</LangVersion>
    <DebugType>Full</DebugType>
  <Version>9.9.9.9</Version></PropertyGroup>

  <PropertyGroup Condition="'$(Configuration)|$(Platform)'=='Debug|AnyCPU'">
    <DocumentationFile>bin\Debug\netcoreapp2.2\Synergies.WebApi.xml</DocumentationFile>
    <TreatWarningsAsErrors>true</TreatWarningsAsErrors>
    <WarningsAsErrors />
  </PropertyGroup>

  <PropertyGroup Condition="'$(Configuration)|$(Platform)'=='Release|AnyCPU'">
    <DocumentationFile>bin\Release\netcoreapp2.2\Synergies.WebApi.xml</DocumentationFile>
    <TreatWarningsAsErrors>true</TreatWarningsAsErrors>
    <WarningsAsErrors />
  </PropertyGroup>

  <ItemGroup>
    <PackageReference Include="Microsoft.AspNetCore.App" />
    <PackageReference Include="Microsoft.AspNetCore.Authentication.JwtBearer" Version="2.2.0" />
    <PackageReference Include="Microsoft.AspNetCore.AzureKeyVault.HostingStartup" Version="2.0.4" />
    <PackageReference Include="Microsoft.AspNetCore.OData" Version="7.2.1" />
    <PackageReference Include="Microsoft.Azure.KeyVault" Version="3.0.4" />
    <PackageReference Include="Microsoft.Azure.Services.AppAuthentication" Version="1.3.1" />
    <PackageReference Include="Microsoft.Extensions.Logging.AzureAppServices" Version="2.2.5" />
    <PackageReference Include="Microsoft.OData.Core" Version="7.6.0" />
    <PackageReference Include="Swashbuckle.AspNetCore.Annotations" Version="4.0.1" />
    <PackageReference Include="Swashbuckle.AspNetCore.Swagger" Version="4.0.1" />
    <PackageReference Include="Swashbuckle.AspNetCore.SwaggerGen" Version="4.0.1" />
    <PackageReference Include="Swashbuckle.AspNetCore.SwaggerUI" Version="4.0.1" />
  </ItemGroup>

  <ItemGroup>
    <ProjectReference Include="..\AzureIntegration.API\AzureIntegration.API.csproj" />
    <ProjectReference Include="..\AzureIntegration\AzureIntegration.csproj" />
    <ProjectReference Include="..\DataAccess.API\DataAccess.API.csproj" />
    <ProjectReference Include="..\DataAccess\DataAccess.csproj" />
    <ProjectReference Include="..\Repository.API\Repository.API.csproj" />
    <ProjectReference Include="..\Repository\Repository.csproj" />
    <ProjectReference Include="..\Services.API\Services.API.csproj" />
    <ProjectReference Include="..\Services\Services.csproj" />
  </ItemGroup>

  <ItemGroup>
    <WCFMetadata Include="Connected Services" />
  </ItemGroup>

</Project>
