<Project Sdk="Microsoft.NET.Sdk">
  <PropertyGroup>
    <TargetFramework>net472</TargetFramework>
    <AssemblyVersion>9.9.9.9</AssemblyVersion>
  </PropertyGroup>
  <PropertyGroup>
    <TreatWarningsAsErrors>true</TreatWarningsAsErrors>
  </PropertyGroup>
</Project>